###############################################################################
#
# IAR ELF Linker V7.50.2.10312/W32 for ARM                27/Sep/2016  23:31:16
# Copyright 2007-2015 IAR Systems AB.
#
#    Output file  =  
#        D:\Projects\ARM\STM32F_Test\Normal_program\project\Debug\Exe\STM32F_Test.out
#    Map file     =  
#        D:\Projects\ARM\STM32F_Test\Normal_program\project\Debug\List\STM32F_Test.map
#    Command line =  
#        D:\Projects\ARM\STM32F_Test\Normal_program\project\Debug\Obj\led.o
#        D:\Projects\ARM\STM32F_Test\Normal_program\project\Debug\Obj\main.o -o
#        D:\Projects\ARM\STM32F_Test\Normal_program\project\Debug\Exe\STM32F_Test.out
#        --map
#        D:\Projects\ARM\STM32F_Test\Normal_program\project\Debug\List\STM32F_Test.map
#        --config "C:\Program Files (x86)\IAR Systems\Embedded Workbench
#        7.3_2\arm\config\linker\ST\stm32f103xB.icf" --semihosting --entry
#        __iar_program_start --vfe
#
###############################################################################

*******************************************************************************
*** RUNTIME MODEL ATTRIBUTES
***

CppFlavor       = *
__SystemLibrary = DLib


*******************************************************************************
*** PLACEMENT SUMMARY
***

"A1":  place at 0x08000000 { ro section .intvec };
"P1":  place in [from 0x08000000 to 0x0801ffff] { ro };
"P2":  place in [from 0x20000000 to 0x20004fff] { rw, block CSTACK, block HEAP };

  Section   Kind        Address   Size  Object
  -------   ----        -------   ----  ------
"A1":                             0x40
  .intvec   ro code  0x08000000   0x40  vector_table_M.o [4]
                   - 0x08000040   0x40

"P1":                            0x1d0
  .text     ro code  0x08000040   0xdc  main.o [1]
  .text     ro code  0x0800011c   0xa4  led.o [1]
  .text     ro code  0x080001c0   0x1a  cmain.o [4]
  .text     ro code  0x080001da    0x4  low_level_init.o [3]
  .text     ro code  0x080001de    0x4  exit.o [3]
  .text     ro code  0x080001e2    0x2  vector_table_M.o [4]
  .text     ro code  0x080001e4    0xa  cexit.o [4]
  .text     ro code  0x080001f0   0x14  exit.o [5]
  .text     ro code  0x08000204    0xc  cstartup_M.o [4]
                   - 0x08000210  0x1d0

"P2":                            0x800
  CSTACK             0x20000000  0x800  <Block>
    CSTACK  uninit   0x20000000  0x800  <Block tail>
                   - 0x20000800  0x800



*******************************************************************************
*** MODULE SUMMARY
***

    Module            ro code  rw data
    ------            -------  -------
D:\Projects\ARM\STM32F_Test\Normal_program\project\Debug\Obj: [1]
    led.o                 164
    main.o                220
    ----------------------------------
    Total:                384

command line: [2]
    ----------------------------------
    Total:

dl7M_tln.a: [3]
    exit.o                  4
    low_level_init.o        4
    ----------------------------------
    Total:                  8

rt7M_tl.a: [4]
    cexit.o                10
    cmain.o                26
    cstartup_M.o           12
    vector_table_M.o       66
    ----------------------------------
    Total:                114

shb_l.a: [5]
    exit.o                 20
    ----------------------------------
    Total:                 20

    Gaps                    2
    Linker created               2 048
--------------------------------------
    Grand Total:          528    2 048


*******************************************************************************
*** ENTRY LIST
***

Entry                    Address  Size  Type      Object
-----                    -------  ----  ----      ------
?main                 0x080001c1        Code  Gb  cmain.o [4]
CSTACK$$Base          0x20000000         --   Gb  - Linker created -
CSTACK$$Limit         0x20000800         --   Gb  - Linker created -
GPIO_B_Output_Init    0x0800005f  0x76  Code  Gb  main.o [1]
LED_Off_Blue          0x08000163   0xe  Code  Gb  led.o [1]
LED_Off_Red           0x0800012b   0xe  Code  Gb  led.o [1]
LED_Off_Yellow        0x08000147   0xe  Code  Gb  led.o [1]
LED_OnOffAll_Mult     0x08000179  0x3e  Code  Gb  led.o [1]
LED_On_Blue           0x08000155   0xe  Code  Gb  led.o [1]
LED_On_Red            0x0800011d   0xe  Code  Gb  led.o [1]
LED_On_Yellow         0x08000139   0xe  Code  Gb  led.o [1]
LED_Test              0x080001b7   0xa  Code  Gb  led.o [1]
Region$$Table$$Base   0x00000000         --   Gb  - Linker created -
Region$$Table$$Limit  0x00000000         --   Gb  - Linker created -
__cmain               0x080001c1        Code  Gb  cmain.o [4]
__exit                0x080001f1  0x14  Code  Gb  exit.o [5]
__iar_program_start   0x08000205        Code  Gb  cstartup_M.o [4]
__low_level_init      0x080001db   0x4  Code  Gb  low_level_init.o [3]
__vector_table        0x08000000        Data  Gb  vector_table_M.o [4]
_call_main            0x080001cd        Code  Gb  cmain.o [4]
_exit                 0x080001e5        Code  Gb  cexit.o [4]
_main                 0x080001d7        Code  Gb  cmain.o [4]
delay_1_second        0x08000055   0xa  Code  Gb  main.o [1]
delay_int_count       0x08000041  0x14  Code  Lc  main.o [1]
exit                  0x080001df   0x4  Code  Gb  exit.o [3]
main                  0x080000d5  0x36  Code  Gb  main.o [1]


[1] = D:\Projects\ARM\STM32F_Test\Normal_program\project\Debug\Obj
[2] = command line
[3] = dl7M_tln.a
[4] = rt7M_tl.a
[5] = shb_l.a

    528 bytes of readonly  code memory
  2 048 bytes of readwrite data memory

Errors: none
Warnings: none
