###############################################################################
#
# IAR ELF Linker V7.50.2.10312/W32 for ARM                28/Sep/2016  22:59:40
# Copyright 2007-2015 IAR Systems AB.
#
#    Output file  =  
#        D:\Projects\ARM\STM32F_Test\Normal_program\project\Debug\Exe\STM32F_Test.out
#    Map file     =  
#        D:\Projects\ARM\STM32F_Test\Normal_program\project\Debug\List\STM32F_Test.map
#    Command line =  
#        D:\Projects\ARM\STM32F_Test\Normal_program\project\Debug\Obj\key.o
#        D:\Projects\ARM\STM32F_Test\Normal_program\project\Debug\Obj\led.o
#        D:\Projects\ARM\STM32F_Test\Normal_program\project\Debug\Obj\main.o
#        D:\Projects\ARM\STM32F_Test\Normal_program\project\Debug\Obj\startup_stm32f10x_md.o
#        -o
#        D:\Projects\ARM\STM32F_Test\Normal_program\project\Debug\Exe\STM32F_Test.out
#        --map
#        D:\Projects\ARM\STM32F_Test\Normal_program\project\Debug\List\STM32F_Test.map
#        --config "C:\Program Files (x86)\IAR Systems\Embedded Workbench
#        7.3_2\arm\config\linker\ST\stm32f103xB.icf" --semihosting --entry
#        __iar_program_start --vfe
#
###############################################################################

*******************************************************************************
*** RUNTIME MODEL ATTRIBUTES
***

CppFlavor       = *
__SystemLibrary = DLib


*******************************************************************************
*** PLACEMENT SUMMARY
***

"A1":  place at 0x08000000 { ro section .intvec };
"P1":  place in [from 0x08000000 to 0x0801ffff] { ro };
"P2":  place in [from 0x20000000 to 0x20004fff] { rw, block CSTACK, block HEAP };

  Section   Kind        Address   Size  Object
  -------   ----        -------   ----  ------
"A1":                             0xec
  .intvec   ro code  0x08000000   0xec  startup_stm32f10x_md.o [1]
                   - 0x080000ec   0xec

"P1":                            0x4cc
  .text     ro code  0x080000ec  0x2b4  main.o [1]
  .text     ro code  0x080003a0   0x68  key.o [1]
  .text     ro code  0x08000408   0x6c  led.o [1]
  .rodata   const    0x08000474   0x24  main.o [1]
  .text     ro code  0x08000498   0x1a  cmain.o [4]
  .text     ro code  0x080004b2    0x4  low_level_init.o [3]
  .text     ro code  0x080004b6    0x4  exit.o [3]
  .text     ro code  0x080004bc    0xa  cexit.o [4]
  .text     ro code  0x080004c8   0x14  exit.o [5]
  .text     ro code  0x080004dc    0xc  cstartup_M.o [4]
  .text     ro code  0x080004e8    0x4  startup_stm32f10x_md.o [1]
  .text     ro code  0x080004ec    0x4  startup_stm32f10x_md.o [1]
  .text     ro code  0x080004f0    0x4  startup_stm32f10x_md.o [1]
  .text     ro code  0x080004f4    0x4  startup_stm32f10x_md.o [1]
  .text     ro code  0x080004f8    0x4  startup_stm32f10x_md.o [1]
  .text     ro code  0x080004fc    0x4  startup_stm32f10x_md.o [1]
  .text     ro code  0x08000500    0x4  startup_stm32f10x_md.o [1]
  .text     ro code  0x08000504    0x4  startup_stm32f10x_md.o [1]
  .text     ro code  0x08000508    0x4  startup_stm32f10x_md.o [1]
  .text     ro code  0x0800050c    0x4  startup_stm32f10x_md.o [1]
  .text     ro code  0x08000510    0x4  startup_stm32f10x_md.o [1]
  .text     ro code  0x08000514    0x4  startup_stm32f10x_md.o [1]
  .text     ro code  0x08000518    0x4  startup_stm32f10x_md.o [1]
  .text     ro code  0x0800051c    0x4  startup_stm32f10x_md.o [1]
  .text     ro code  0x08000520    0x4  startup_stm32f10x_md.o [1]
  .text     ro code  0x08000524    0x4  startup_stm32f10x_md.o [1]
  .text     ro code  0x08000528    0x4  startup_stm32f10x_md.o [1]
  .text     ro code  0x0800052c    0x4  startup_stm32f10x_md.o [1]
  .text     ro code  0x08000530    0x4  startup_stm32f10x_md.o [1]
  .text     ro code  0x08000534    0x4  startup_stm32f10x_md.o [1]
  .text     ro code  0x08000538    0x4  startup_stm32f10x_md.o [1]
  .text     ro code  0x0800053c    0x4  startup_stm32f10x_md.o [1]
  .text     ro code  0x08000540    0x4  startup_stm32f10x_md.o [1]
  .text     ro code  0x08000544    0x4  startup_stm32f10x_md.o [1]
  .text     ro code  0x08000548    0x4  startup_stm32f10x_md.o [1]
  .text     ro code  0x0800054c    0x4  startup_stm32f10x_md.o [1]
  .text     ro code  0x08000550    0x4  startup_stm32f10x_md.o [1]
  .text     ro code  0x08000554    0x4  startup_stm32f10x_md.o [1]
  .text     ro code  0x08000558    0x4  startup_stm32f10x_md.o [1]
  .text     ro code  0x0800055c    0x4  startup_stm32f10x_md.o [1]
  .text     ro code  0x08000560    0x4  startup_stm32f10x_md.o [1]
  .text     ro code  0x08000564    0x4  startup_stm32f10x_md.o [1]
  .text     ro code  0x08000568    0x4  startup_stm32f10x_md.o [1]
  .text     ro code  0x0800056c    0x4  startup_stm32f10x_md.o [1]
  .text     ro code  0x08000570    0x4  startup_stm32f10x_md.o [1]
  .text     ro code  0x08000574    0x4  startup_stm32f10x_md.o [1]
  .text     ro code  0x08000578    0x4  startup_stm32f10x_md.o [1]
  .text     ro code  0x0800057c    0x4  startup_stm32f10x_md.o [1]
  .text     ro code  0x08000580    0x4  startup_stm32f10x_md.o [1]
  .text     ro code  0x08000584    0x4  startup_stm32f10x_md.o [1]
  .text     ro code  0x08000588    0x4  startup_stm32f10x_md.o [1]
  .text     ro code  0x0800058c    0x4  startup_stm32f10x_md.o [1]
  .text     ro code  0x08000590    0x4  startup_stm32f10x_md.o [1]
  .text     ro code  0x08000594    0x4  startup_stm32f10x_md.o [1]
  .text     ro code  0x08000598    0x4  startup_stm32f10x_md.o [1]
  .text     ro code  0x0800059c    0x4  startup_stm32f10x_md.o [1]
  .text     ro code  0x080005a0    0x4  startup_stm32f10x_md.o [1]
  .text     ro code  0x080005a4    0x4  startup_stm32f10x_md.o [1]
  .text     ro code  0x080005a8    0x4  startup_stm32f10x_md.o [1]
  .text     ro code  0x080005ac    0x4  startup_stm32f10x_md.o [1]
  .text     ro code  0x080005b0    0x4  startup_stm32f10x_md.o [1]
  .text     ro code  0x080005b4    0x4  startup_stm32f10x_md.o [1]
                   - 0x080005b8  0x4cc

"P2":                            0x800
  CSTACK             0x20000000  0x800  <Block>
    CSTACK  uninit   0x20000000  0x800  <Block tail>
                   - 0x20000800  0x800



*******************************************************************************
*** MODULE SUMMARY
***

    Module                  ro code  ro data  rw data
    ------                  -------  -------  -------
D:\Projects\ARM\STM32F_Test\Normal_program\project\Debug\Obj: [1]
    key.o                       104
    led.o                       108
    main.o                      692       36
    startup_stm32f10x_md.o      444
    -------------------------------------------------
    Total:                    1 348       36

command line: [2]
    -------------------------------------------------
    Total:

dl7M_tln.a: [3]
    exit.o                        4
    low_level_init.o              4
    -------------------------------------------------
    Total:                        8

rt7M_tl.a: [4]
    cexit.o                      10
    cmain.o                      26
    cstartup_M.o                 12
    -------------------------------------------------
    Total:                       48

shb_l.a: [5]
    exit.o                       20
    -------------------------------------------------
    Total:                       20

    Gaps                          4
    Linker created                              2 048
-----------------------------------------------------
    Grand Total:              1 428       36    2 048


*******************************************************************************
*** ENTRY LIST
***

Entry                      Address  Size  Type      Object
-----                      -------  ----  ----      ------
?main                   0x08000499        Code  Gb  cmain.o [4]
CSTACK$$Base            0x20000000         --   Gb  - Linker created -
CSTACK$$Limit           0x20000800         --   Gb  - Linker created -
GPIO_Configuration      0x080001cd  0x7a  Code  Gb  main.o [1]
GPIO_Init               0x0800010b  0xc2  Code  Gb  main.o [1]
GPIO_ReadInputDataBit   0x080003a1  0x16  Code  Gb  key.o [1]
Key_test                0x080003b7  0x4c  Code  Gb  key.o [1]
LED_Off_All             0x08000465  0x10  Code  Gb  led.o [1]
LED_Off_Blue            0x0800044f   0xe  Code  Gb  led.o [1]
LED_Off_Red             0x08000417   0xe  Code  Gb  led.o [1]
LED_Off_Yellow          0x08000433   0xe  Code  Gb  led.o [1]
LED_On_Blue             0x08000441   0xe  Code  Gb  led.o [1]
LED_On_Red              0x08000409   0xe  Code  Gb  led.o [1]
LED_On_Yellow           0x08000425   0xe  Code  Gb  led.o [1]
Region$$Table$$Base     0x00000000         --   Gb  - Linker created -
Region$$Table$$Limit    0x00000000         --   Gb  - Linker created -
SerialPutChar           0x08000311  0x1c  Code  Gb  main.o [1]
Serial_PutString        0x0800032d  0x16  Code  Gb  main.o [1]
USART1_Init             0x080002b5  0x40  Code  Gb  main.o [1]
USART_GetFlagStatus     0x080002fd  0x14  Code  Gb  main.o [1]
USART_Init              0x08000247  0x6e  Code  Gb  main.o [1]
USART_SendData          0x080002f5   0x8  Code  Gb  main.o [1]
__cmain                 0x08000499        Code  Gb  cmain.o [4]
__exit                  0x080004c9  0x14  Code  Gb  exit.o [5]
__iar_program_start     0x080004dd        Code  Gb  cstartup_M.o [4]
__low_level_init        0x080004b3   0x4  Code  Gb  low_level_init.o [3]
__vector_table          0x08000000        Data  Gb  startup_stm32f10x_md.o [1]
_call_main              0x080004a5        Code  Gb  cmain.o [4]
_exit                   0x080004bd        Code  Gb  cexit.o [4]
_main                   0x080004af        Code  Gb  cmain.o [4]
delay_100_milli_second  0x08000101   0xa  Code  Gb  main.o [1]
delay_int_count         0x080000ed  0x14  Code  Lc  main.o [1]
exit                    0x080004b7   0x4  Code  Gb  exit.o [3]
main                    0x08000343  0x3a  Code  Gb  main.o [1]


[1] = D:\Projects\ARM\STM32F_Test\Normal_program\project\Debug\Obj
[2] = command line
[3] = dl7M_tln.a
[4] = rt7M_tl.a
[5] = shb_l.a

  1 428 bytes of readonly  code memory
     36 bytes of readonly  data memory
  2 048 bytes of readwrite data memory

Errors: none
Warnings: none
