###############################################################################
#
# IAR ELF Linker V7.50.2.10312/W32 for ARM                29/Sep/2016  23:52:06
# Copyright 2007-2015 IAR Systems AB.
#
#    Output file  =  
#        D:\Projects\ARM\STM32F_Test\Normal_program\project\Debug\Exe\STM32F_Test.out
#    Map file     =  
#        D:\Projects\ARM\STM32F_Test\Normal_program\project\Debug\List\STM32F_Test.map
#    Command line =  
#        D:\Projects\ARM\STM32F_Test\Normal_program\project\Debug\Obj\key.o
#        D:\Projects\ARM\STM32F_Test\Normal_program\project\Debug\Obj\led.o
#        D:\Projects\ARM\STM32F_Test\Normal_program\project\Debug\Obj\main.o
#        D:\Projects\ARM\STM32F_Test\Normal_program\project\Debug\Obj\seven_segment.o
#        D:\Projects\ARM\STM32F_Test\Normal_program\project\Debug\Obj\startup_stm32f10x_md.o
#        --redirect _Printf=_PrintfFull --redirect _Scanf=_ScanfFull -o
#        D:\Projects\ARM\STM32F_Test\Normal_program\project\Debug\Exe\STM32F_Test.out
#        --map
#        D:\Projects\ARM\STM32F_Test\Normal_program\project\Debug\List\STM32F_Test.map
#        --config "C:\Program Files (x86)\IAR Systems\Embedded Workbench
#        7.3_2\arm\config\linker\ST\stm32f103xB.icf" --semihosting --entry
#        __iar_program_start --vfe
#
###############################################################################

*******************************************************************************
*** RUNTIME MODEL ATTRIBUTES
***

CppFlavor                     = *
__Heap_Handler                = Basic
__SystemLibrary               = DLib
__dlib_dynamic_initialization = normal


*******************************************************************************
*** PLACEMENT SUMMARY
***

"A1":  place at 0x08000000 { ro section .intvec };
"P1":  place in [from 0x08000000 to 0x0801ffff] { ro };
"P2":  place in [from 0x20000000 to 0x20004fff] { rw, block CSTACK, block HEAP };

  Section             Kind        Address    Size  Object
  -------             ----        -------    ----  ------
"A1":                                        0xec
  .intvec             ro code  0x08000000    0xec  startup_stm32f10x_md.o [1]
                             - 0x080000ec    0xec

"P1":                                      0x2895
  .text               ro code  0x080000ec  0x1166  xprintffull.o [3]
  .text               ro code  0x08001252    0x20  xmbtowc.o [3]
  .text               ro code  0x08001274    0x16  strchr.o [5]
  .text               ro code  0x0800128c    0x36  strlen.o [5]
  .text               ro code  0x080012c4    0x58  memchr.o [5]
  .text               ro code  0x0800131c     0xa  xmbcurmax.o [3]
  .text               ro code  0x08001328    0xb0  xxmemxmalloc.o [3]
  .text               ro code  0x080013d8    0x1a  xwctomb.o [3]
  .text               ro code  0x080013f4    0x76  ABImemcpy_unaligned.o [5]
  .text               ro code  0x0800146c    0x80  xxmemxfree.o [3]
  .text               ro code  0x080014ec    0xee  I64DivMod.o [5]
  .text               ro code  0x080015da    0x42  xdnorm.o [4]
  .text               ro code  0x0800161c    0x2e  DblCmpLe.o [4]
  .text               ro code  0x0800164c    0x2e  DblCmpGe.o [4]
  .text               ro code  0x0800167c   0x10c  xdscale.o [4]
  .text               ro code  0x08001788    0x58  DblToI32.o [4]
  .text               ro code  0x080017e0    0x30  I32ToDbl.o [4]
  .text               ro code  0x08001810   0x180  DblSub.o [4]
  .text               ro code  0x08001990   0x1a2  DblMul.o [4]
  .text               ro code  0x08001b34   0x256  DblDiv.o [4]
  .text               ro code  0x08001d8c    0x6c  localeconv.o [3]
  .text               ro code  0x08001df8     0xe  div.o [3]
  .text               ro code  0x08001e08    0x14  setlocale.o [3]
  .text               ro code  0x08001e1c    0x60  xencoding_sb.o [3]
  .text               ro code  0x08001e7c    0x2c  xgetmemchunk.o [3]
  .text               ro code  0x08001ea8     0x2  I64DivZer.o [5]
  .text               ro code  0x08001eac    0xd4  DblAdd.o [4]
  .text               ro code  0x08001f80     0x2  xtls.o [3]
  .text               ro code  0x08001f84   0x438  main.o [1]
  .text               ro code  0x080023bc    0x24  printf.o [3]
  .text               ro code  0x080023e0    0xb4  led.o [1]
  .text               ro code  0x08002494    0x68  key.o [1]
  .text               ro code  0x080024fc   0x138  seven_segment.o [1]
  .text               ro code  0x08002634    0x40  zero_init3.o [5]
  .text               ro code  0x08002674    0x38  packbits_init_single.o [5]
  .text               ro code  0x080026ac    0x28  data_init.o [5]
  .rodata             const    0x080026d4    0x24  main.o [1]
  .iar.init_table     const    0x080026f8    0x20  - Linker created -
  .rodata             const    0x08002718    0x20  main.o [1]
  .rodata             const    0x08002738    0x1c  main.o [1]
  .text               ro code  0x08002754    0x1a  cmain.o [5]
  .text               ro code  0x0800276e     0x4  low_level_init.o [3]
  .text               ro code  0x08002772     0x4  exit.o [3]
  .text               ro code  0x08002778     0xa  cexit.o [5]
  .text               ro code  0x08002784    0x14  exit.o [6]
  .rodata             const    0x08002798    0x18  main.o [1]
  .rodata             const    0x080027b0    0x18  main.o [1]
  .rodata             const    0x080027c8    0x18  main.o [1]
  .text               ro code  0x080027e0    0x16  xprout.o [3]
  .text               ro code  0x080027f8     0xc  putchar.o [3]
  .rodata             const    0x08002804    0x14  main.o [1]
  .rodata             const    0x08002818    0x14  seven_segment.o [1]
  .rodata             const    0x0800282c    0x10  main.o [1]
  .rodata             const    0x0800283c    0x10  main.o [1]
  .rodata             const    0x0800284c    0x10  main.o [1]
  .rodata             const    0x0800285c    0x10  main.o [1]
  .rodata             const    0x0800286c     0xc  main.o [1]
  .text               ro code  0x08002878     0xc  cstartup_M.o [5]
  .text               ro code  0x08002884     0x4  startup_stm32f10x_md.o [1]
  .text               ro code  0x08002888     0x4  startup_stm32f10x_md.o [1]
  .text               ro code  0x0800288c     0x4  startup_stm32f10x_md.o [1]
  .text               ro code  0x08002890     0x4  startup_stm32f10x_md.o [1]
  .text               ro code  0x08002894     0x4  startup_stm32f10x_md.o [1]
  .text               ro code  0x08002898     0x4  startup_stm32f10x_md.o [1]
  .text               ro code  0x0800289c     0x4  startup_stm32f10x_md.o [1]
  .text               ro code  0x080028a0     0x4  startup_stm32f10x_md.o [1]
  .text               ro code  0x080028a4     0x4  startup_stm32f10x_md.o [1]
  .text               ro code  0x080028a8     0x4  startup_stm32f10x_md.o [1]
  .text               ro code  0x080028ac     0x4  startup_stm32f10x_md.o [1]
  .text               ro code  0x080028b0     0x4  startup_stm32f10x_md.o [1]
  .text               ro code  0x080028b4     0x4  startup_stm32f10x_md.o [1]
  .text               ro code  0x080028b8     0x4  startup_stm32f10x_md.o [1]
  .text               ro code  0x080028bc     0x4  startup_stm32f10x_md.o [1]
  .text               ro code  0x080028c0     0x4  startup_stm32f10x_md.o [1]
  .text               ro code  0x080028c4     0x4  startup_stm32f10x_md.o [1]
  .text               ro code  0x080028c8     0x4  startup_stm32f10x_md.o [1]
  .text               ro code  0x080028cc     0x4  startup_stm32f10x_md.o [1]
  .text               ro code  0x080028d0     0x4  startup_stm32f10x_md.o [1]
  .text               ro code  0x080028d4     0x4  startup_stm32f10x_md.o [1]
  .text               ro code  0x080028d8     0x4  startup_stm32f10x_md.o [1]
  .text               ro code  0x080028dc     0x4  startup_stm32f10x_md.o [1]
  .text               ro code  0x080028e0     0x4  startup_stm32f10x_md.o [1]
  .text               ro code  0x080028e4     0x4  startup_stm32f10x_md.o [1]
  .text               ro code  0x080028e8     0x4  startup_stm32f10x_md.o [1]
  .text               ro code  0x080028ec     0x4  startup_stm32f10x_md.o [1]
  .text               ro code  0x080028f0     0x4  startup_stm32f10x_md.o [1]
  .text               ro code  0x080028f4     0x4  startup_stm32f10x_md.o [1]
  .text               ro code  0x080028f8     0x4  startup_stm32f10x_md.o [1]
  .text               ro code  0x080028fc     0x4  startup_stm32f10x_md.o [1]
  .text               ro code  0x08002900     0x4  startup_stm32f10x_md.o [1]
  .text               ro code  0x08002904     0x4  startup_stm32f10x_md.o [1]
  .text               ro code  0x08002908     0x4  startup_stm32f10x_md.o [1]
  .text               ro code  0x0800290c     0x4  startup_stm32f10x_md.o [1]
  .text               ro code  0x08002910     0x4  startup_stm32f10x_md.o [1]
  .text               ro code  0x08002914     0x4  startup_stm32f10x_md.o [1]
  .text               ro code  0x08002918     0x4  startup_stm32f10x_md.o [1]
  .text               ro code  0x0800291c     0x4  startup_stm32f10x_md.o [1]
  .text               ro code  0x08002920     0x4  startup_stm32f10x_md.o [1]
  .text               ro code  0x08002924     0x4  startup_stm32f10x_md.o [1]
  .text               ro code  0x08002928     0x4  startup_stm32f10x_md.o [1]
  .text               ro code  0x0800292c     0x4  startup_stm32f10x_md.o [1]
  .text               ro code  0x08002930     0x4  startup_stm32f10x_md.o [1]
  .text               ro code  0x08002934     0x4  startup_stm32f10x_md.o [1]
  .text               ro code  0x08002938     0x4  startup_stm32f10x_md.o [1]
  .text               ro code  0x0800293c     0x4  startup_stm32f10x_md.o [1]
  .text               ro code  0x08002940     0x4  startup_stm32f10x_md.o [1]
  .text               ro code  0x08002944     0x4  startup_stm32f10x_md.o [1]
  .text               ro code  0x08002948     0x4  startup_stm32f10x_md.o [1]
  .text               ro code  0x0800294c     0x4  startup_stm32f10x_md.o [1]
  .text               ro code  0x08002950     0x4  startup_stm32f10x_md.o [1]
  .rodata             const    0x08002954     0x0  zero_init3.o [5]
  .rodata             const    0x08002954     0x0  packbits_init_single.o [5]
  Initializer bytes   const    0x08002954    0x2d  <for P2-1>
                             - 0x08002981  0x2895

"P2", part 1 of 3:                          0x13c
  P2-1                         0x20000000   0x13c  <Init block>
    .data             inited   0x20000000    0x40  xfiles.o [3]
    __DLIB_PERTHREAD  inited   0x20000040    0x88  localeconv.o [3]
    __DLIB_PERTHREAD  inited   0x200000c8    0x74  setlocale.o [3]
                             - 0x2000013c   0x13c

"P2", part 2 of 3:                         0x1000
  CSTACK                       0x20000140   0x800  <Block>
    CSTACK            uninit   0x20000140   0x800  <Block tail>
  HEAP                         0x20000940   0x800  <Block>
    HEAP              uninit   0x20000940   0x800  <Block tail>
                             - 0x20001140  0x1000

"P2", part 3 of 3:                           0x5c
  .bss                zero     0x20001140    0x50  xfiles.o [3]
  .bss                zero     0x20001190     0x8  xxmemxmalloc.o [3]
  .bss                zero     0x20001198     0x4  xgetmemchunk.o [3]
                             - 0x2000119c    0x5c


*******************************************************************************
*** INIT TABLE
***

          Address     Size
          -------     ----
Zero (__iar_zero_init3)
    1 destination range, total size 0x5c:
          0x20001140   0x5c

Copy/packbits (__iar_packbits_init_single3)
    1 source range, total size 0x2d (14% of destination):
          0x08002954   0x2d
    1 destination range, total size 0x13c:
          0x20000000  0x13c



*******************************************************************************
*** MODULE SUMMARY
***

    Module                  ro code  ro data  rw data
    ------                  -------  -------  -------
D:\Projects\ARM\STM32F_Test\Normal_program\project\Debug\Obj: [1]
    key.o                       104
    led.o                       180
    main.o                    1 080      264
    seven_segment.o             312       20
    startup_stm32f10x_md.o      444
    -------------------------------------------------
    Total:                    2 120      284

command line: [2]
    -------------------------------------------------
    Total:

dl7M_tlf.a: [3]
    div.o                        14
    exit.o                        4
    localeconv.o                108       19      136
    low_level_init.o              4
    printf.o                     36
    putchar.o                    12
    setlocale.o                  20       17      116
    xencoding_sb.o               96
    xfiles.o                               9      144
    xgetmemchunk.o               44                 4
    xmbcurmax.o                  10
    xmbtowc.o                    32
    xprintffull.o             4 454
    xprout.o                     22
    xtls.o                        2
    xwctomb.o                    26
    xxmemxfree.o                128
    xxmemxmalloc.o              176                 8
    -------------------------------------------------
    Total:                    5 188       45      408

m7M_tl.a: [4]
    DblAdd.o                    212
    DblCmpGe.o                   46
    DblCmpLe.o                   46
    DblDiv.o                    598
    DblMul.o                    418
    DblSub.o                    384
    DblToI32.o                   88
    I32ToDbl.o                   48
    xdnorm.o                     66
    xdscale.o                   268
    -------------------------------------------------
    Total:                    2 174

rt7M_tl.a: [5]
    ABImemcpy_unaligned.o       118
    I64DivMod.o                 238
    I64DivZer.o                   2
    cexit.o                      10
    cmain.o                      26
    cstartup_M.o                 12
    data_init.o                  40
    memchr.o                     88
    packbits_init_single.o       56
    strchr.o                     22
    strlen.o                     54
    zero_init3.o                 64
    -------------------------------------------------
    Total:                      730

shb_l.a: [6]
    exit.o                       20
    -------------------------------------------------
    Total:                       20

    Gaps                         32
    Linker created                        32    4 096
-----------------------------------------------------
    Grand Total:             10 264      361    4 504


*******************************************************************************
*** ENTRY LIST
***

Entry                      Address   Size  Type      Object
-----                      -------   ----  ----      ------
.iar.init_table$$Base   0x080026f8          --   Gb  - Linker created -
.iar.init_table$$Limit  0x08002718          --   Gb  - Linker created -
?main                   0x08002755         Code  Gb  cmain.o [5]
CSTACK$$Base            0x20000140          --   Gb  - Linker created -
CSTACK$$Limit           0x20000940          --   Gb  - Linker created -
GPIO_Configuration      0x08002073   0x96  Code  Gb  main.o [1]
GPIO_Init               0x08001fb1   0xc2  Code  Gb  main.o [1]
GPIO_ReadInputDataBit   0x08002495   0x16  Code  Gb  key.o [1]
HEAP$$Base              0x20000940          --   Gb  - Linker created -
HEAP$$Limit             0x20001140          --   Gb  - Linker created -
Key_test                0x080024ab   0x4c  Code  Gb  key.o [1]
LED_Off_All             0x0800243d   0x10  Code  Gb  led.o [1]
LED_Off_Blue            0x08002427    0xe  Code  Gb  led.o [1]
LED_Off_Red             0x080023ef    0xe  Code  Gb  led.o [1]
LED_Off_Yellow          0x0800240b    0xe  Code  Gb  led.o [1]
LED_OnOffAll_Mult       0x0800244d   0x3e  Code  Gb  led.o [1]
LED_On_Blue             0x08002419    0xe  Code  Gb  led.o [1]
LED_On_Red              0x080023e1    0xe  Code  Gb  led.o [1]
LED_On_Yellow           0x080023fd    0xe  Code  Gb  led.o [1]
LED_Test                0x0800248b    0xa  Code  Gb  led.o [1]
LoadInt                 0x0800073b   0x6e  Code  Lc  xprintffull.o [3]
Off_7_SEG_AllPin        0x08002527    0xa  Code  Gb  seven_segment.o [1]
Off_7_SEG_OnePin        0x08002519    0xe  Code  Gb  seven_segment.o [1]
On_7_SEG_OnePin         0x0800250b    0xe  Code  Gb  seven_segment.o [1]
OutPut_7_SEG_Number     0x08002531   0x7a  Code  Gb  seven_segment.o [1]
PowerOn_7_SEG           0x080024fd    0xe  Code  Gb  seven_segment.o [1]
Region$$Table$$Base     0x080026f8          --   Gb  - Linker created -
Region$$Table$$Limit    0x08002718          --   Gb  - Linker created -
SerialPutChar           0x080021d3   0x1c  Code  Gb  main.o [1]
Serial_PutString        0x080021ef   0x16  Code  Gb  main.o [1]
Seven_Segment_Test      0x080025ab   0x7e  Code  Gb  seven_segment.o [1]
System_Information      0x0800228f   0x10  Code  Gb  main.o [1]
USART1_Init             0x08002177   0x40  Code  Gb  main.o [1]
USART_GetCharacter      0x0800224f   0x40  Code  Gb  main.o [1]
USART_GetFlagStatus     0x080021bf   0x14  Code  Gb  main.o [1]
USART_Init              0x08002109   0x6e  Code  Gb  main.o [1]
USART_ReceiveData       0x08002247    0x8  Code  Gb  main.o [1]
USART_SendData          0x080021b7    0x8  Code  Gb  main.o [1]
_EncodingSb_Mbtowc      0x08001e37   0x30  Code  Gb  xencoding_sb.o [3]
_EncodingSb_Wctomb      0x08001e1d   0x1a  Code  Gb  xencoding_sb.o [3]
_GenldFull              0x08000fbf  0x24c  Code  Lc  xprintffull.o [3]
_IsdstStr               0x200000cc    0x4  Data  Gb  setlocale.o [3]
_LdtobFull              0x08000bbd  0x3fc  Code  Lc  xprintffull.o [3]
_LitobFull              0x08000ab5  0x106  Code  Lc  xprintffull.o [3]
_LocaleEncoding         0x08001e09    0xe  Code  Gb  setlocale.o [3]
_LocaleReturnString     0x200000ec   0x50  Data  Lc  setlocale.o [3]
_Locale_Profile         0x200000d0   0x1c  Data  Gb  setlocale.o [3]
_Locale_aeabi_lconv     0x20000090   0x38  Data  Gb  localeconv.o [3]
_Locale_lconv           0x20000040   0x50  Data  Gb  localeconv.o [3]
_Mbtowc                 0x08001253   0x20  Code  Gb  xmbtowc.o [3]
_PrintfFull             0x080000ed  0x638  Code  Gb  xprintffull.o [3]
_Prout                  0x080027e1   0x16  Code  Gb  xprout.o [3]
_PutcharsFull           0x0800120b   0x2e  Code  Lc  xprintffull.o [3]
_PutstrFull             0x080007a9  0x306  Code  Lc  xprintffull.o [3]
_TzoneStr               0x200000c8    0x4  Data  Gb  setlocale.o [3]
_Wctomb                 0x080013d9   0x1a  Code  Gb  xwctomb.o [3]
__aeabi_cdcmple         0x0800161d         Code  Gb  DblCmpLe.o [4]
__aeabi_cdrcmple        0x0800164d         Code  Gb  DblCmpGe.o [4]
__aeabi_d2iz            0x08001789         Code  Gb  DblToI32.o [4]
__aeabi_d2uiz           0x080017b5         Code  Gb  DblToI32.o [4]
__aeabi_ddiv            0x08001b35         Code  Gb  DblDiv.o [4]
__aeabi_dmul            0x08001991         Code  Gb  DblMul.o [4]
__aeabi_dsub            0x08001811         Code  Gb  DblSub.o [4]
__aeabi_i2d             0x080017e1         Code  Gb  I32ToDbl.o [4]
__aeabi_ldiv0           0x08001ea9         Code  Gb  I64DivZer.o [5]
__aeabi_ui2d            0x080017f5         Code  Gb  I32ToDbl.o [4]
__aeabi_uldivmod        0x080014ed         Code  Gb  I64DivMod.o [5]
__cmain                 0x08002755         Code  Gb  cmain.o [5]
__data_Aldata           0x20001190    0x8  Data  Gb  xxmemxmalloc.o [3]
__data_GetMemChunk      0x08001e7d   0x2c  Code  Gb  xgetmemchunk.o [3]
__exit                  0x08002785   0x14  Code  Gb  exit.o [6]
__iar_Dnorm             0x080015db   0x42  Code  Gb  xdnorm.o [4]
__iar_Dscale            0x0800167d  0x10c  Code  Gb  xdscale.o [4]
__iar_Locale_lconv_init
                        0x08001d8d   0x3a  Code  Gb  localeconv.o [3]
__iar_Mbcurmax          0x0800131d    0xa  Code  Gb  xmbcurmax.o [3]
__iar_Memchr            0x080012c5         Code  Gb  memchr.o [5]
__iar_Stdout            0x20000000   0x40  Data  Gb  xfiles.o [3]
__iar_Strchr            0x08001275         Code  Gb  strchr.o [5]
__iar_d2uiz             0x080017c1         Code  Gb  DblToI32.o [4]
__iar_dadd              0x08001ead         Code  Gb  DblAdd.o [4]
__iar_data_init3        0x080026ad   0x28  Code  Gb  data_init.o [5]
__iar_dlib_perthread_access
                        0x08001f81    0x2  Code  Gb  xtls.o [3]
__iar_dsub              0x08001825         Code  Gb  DblSub.o [4]
__iar_dsubStart         0x08001837         Code  Gb  DblSub.o [4]
__iar_packbits_init_single3
                        0x08002675   0x38  Code  Gb  packbits_init_single.o [5]
__iar_program_start     0x08002879         Code  Gb  cstartup_M.o [5]
__iar_ui2d              0x080017f9         Code  Gb  I32ToDbl.o [4]
__iar_unaligned___aeabi_memcpy
                        0x080013f5         Code  Gb  ABImemcpy_unaligned.o [5]
__iar_unaligned___aeabi_memcpy4
                        0x08001415         Code  Gb  ABImemcpy_unaligned.o [5]
__iar_unaligned___aeabi_memcpy8
                        0x08001415         Code  Gb  ABImemcpy_unaligned.o [5]
__iar_zero_init3        0x08002635   0x40  Code  Gb  zero_init3.o [5]
__low_level_init        0x0800276f    0x4  Code  Gb  low_level_init.o [3]
__vector_table          0x08000000         Data  Gb  startup_stm32f10x_md.o [1]
_call_main              0x08002761         Code  Gb  cmain.o [5]
_exit                   0x08002779         Code  Gb  cexit.o [5]
_main                   0x0800276b         Code  Gb  cmain.o [5]
delay_100_milli_second  0x08001fa5    0xc  Code  Gb  main.o [1]
delay_1_second          0x08001f99    0xc  Code  Gb  main.o [1]
delay_int_count         0x08001f85   0x14  Code  Lc  main.o [1]
div                     0x08001df9    0xe  Code  Gb  div.o [3]
exit                    0x08002773    0x4  Code  Gb  exit.o [3]
fputc                   0x08002205   0x42  Code  Gb  main.o [1]
free                    0x0800146d   0x7a  Code  Gb  xxmemxfree.o [3]
localeconv              0x08001dc7   0x16  Code  Gb  localeconv.o [3]
main                    0x0800229f   0xc4  Code  Gb  main.o [1]
malloc                  0x08001329   0xac  Code  Gb  xxmemxmalloc.o [3]
memchr                  0x080012c5         Code  Gb  memchr.o [5]
obuf                    0x20001140   0x50  Data  Lc  xfiles.o [3]
printf                  0x080023bd   0x24  Code  Gb  printf.o [3]
putchar                 0x080027f9    0xc  Code  Gb  putchar.o [3]
strchr                  0x08001275         Code  Gb  strchr.o [5]
strlen                  0x0800128d         Code  Gb  strlen.o [5]


[1] = D:\Projects\ARM\STM32F_Test\Normal_program\project\Debug\Obj
[2] = command line
[3] = dl7M_tlf.a
[4] = m7M_tl.a
[5] = rt7M_tl.a
[6] = shb_l.a

  10 264 bytes of readonly  code memory
     361 bytes of readonly  data memory
   4 504 bytes of readwrite data memory

Errors: none
Warnings: none
