###############################################################################
#
# IAR ELF Linker V7.50.2.10312/W32 for ARM                05/Oct/2016  22:28:27
# Copyright 2007-2015 IAR Systems AB.
#
#    Output file  =  
#        D:\Projects\ARM\STM32F_Test\Normal_program\project\Debug\Exe\STM32F_Test.out
#    Map file     =  
#        D:\Projects\ARM\STM32F_Test\Normal_program\project\Debug\List\STM32F_Test.map
#    Command line =  
#        D:\Projects\ARM\STM32F_Test\Normal_program\project\Debug\Obj\hw_config.o
#        D:\Projects\ARM\STM32F_Test\Normal_program\project\Debug\Obj\key.o
#        D:\Projects\ARM\STM32F_Test\Normal_program\project\Debug\Obj\led.o
#        D:\Projects\ARM\STM32F_Test\Normal_program\project\Debug\Obj\main.o
#        D:\Projects\ARM\STM32F_Test\Normal_program\project\Debug\Obj\seven_segment.o
#        D:\Projects\ARM\STM32F_Test\Normal_program\project\Debug\Obj\startup_stm32f10x_md.o
#        D:\Projects\ARM\STM32F_Test\Normal_program\project\Debug\Obj\stm.o
#        --redirect _Printf=_PrintfFull --redirect _Scanf=_ScanfFull -o
#        D:\Projects\ARM\STM32F_Test\Normal_program\project\Debug\Exe\STM32F_Test.out
#        --map
#        D:\Projects\ARM\STM32F_Test\Normal_program\project\Debug\List\STM32F_Test.map
#        --config "C:\Program Files (x86)\IAR Systems\Embedded Workbench
#        7.3\arm\config\linker\ST\stm32f103xB.icf" --semihosting --entry
#        __iar_program_start --vfe
#
###############################################################################

*******************************************************************************
*** RUNTIME MODEL ATTRIBUTES
***

CppFlavor                     = *
__Heap_Handler                = Basic
__SystemLibrary               = DLib
__dlib_dynamic_initialization = normal


*******************************************************************************
*** PLACEMENT SUMMARY
***

"A1":  place at 0x08000000 { ro section .intvec };
"P1":  place in [from 0x08000000 to 0x0801ffff] { ro };
"P2":  place in [from 0x20000000 to 0x20004fff] { rw, block CSTACK, block HEAP };

  Section             Kind        Address    Size  Object
  -------             ----        -------    ----  ------
"A1":                                        0xec
  .intvec             ro code  0x08000000    0xec  startup_stm32f10x_md.o [1]
                             - 0x080000ec    0xec

"P1":                                      0x2c03
  .text               ro code  0x080000ec  0x1166  xprintffull.o [3]
  .text               ro code  0x08001252    0x20  xmbtowc.o [3]
  .text               ro code  0x08001274    0x16  strchr.o [5]
  .text               ro code  0x0800128c    0x36  strlen.o [5]
  .text               ro code  0x080012c4    0x58  memchr.o [5]
  .text               ro code  0x0800131c     0xa  xmbcurmax.o [3]
  .text               ro code  0x08001328    0xb0  xxmemxmalloc.o [3]
  .text               ro code  0x080013d8    0x1a  xwctomb.o [3]
  .text               ro code  0x080013f4    0x76  ABImemcpy_unaligned.o [5]
  .text               ro code  0x0800146c    0x80  xxmemxfree.o [3]
  .text               ro code  0x080014ec    0xee  I64DivMod.o [5]
  .text               ro code  0x080015da    0x42  xdnorm.o [4]
  .text               ro code  0x0800161c    0x2e  DblCmpLe.o [4]
  .text               ro code  0x0800164c    0x2e  DblCmpGe.o [4]
  .text               ro code  0x0800167c   0x10c  xdscale.o [4]
  .text               ro code  0x08001788    0x58  DblToI32.o [4]
  .text               ro code  0x080017e0    0x30  I32ToDbl.o [4]
  .text               ro code  0x08001810   0x180  DblSub.o [4]
  .text               ro code  0x08001990   0x1a2  DblMul.o [4]
  .text               ro code  0x08001b34   0x256  DblDiv.o [4]
  .text               ro code  0x08001d8c    0x6c  localeconv.o [3]
  .text               ro code  0x08001df8     0xe  div.o [3]
  .text               ro code  0x08001e08    0x14  setlocale.o [3]
  .text               ro code  0x08001e1c    0x60  xencoding_sb.o [3]
  .text               ro code  0x08001e7c    0x2c  xgetmemchunk.o [3]
  .text               ro code  0x08001ea8     0x2  I64DivZer.o [5]
  .text               ro code  0x08001eac    0xd4  DblAdd.o [4]
  .text               ro code  0x08001f80     0x2  xtls.o [3]
  .text               ro code  0x08001f84   0x2b0  stm.o [1]
  .text               ro code  0x08002234   0x25c  hw_config.o [1]
  .text               ro code  0x08002490   0x18c  main.o [1]
  .text               ro code  0x0800261c    0x24  printf.o [3]
  .text               ro code  0x08002640    0xf6  led.o [1]
  .text               ro code  0x08002738    0x50  key.o [1]
  .text               ro code  0x08002788   0x168  seven_segment.o [1]
  .text               ro code  0x080028f0    0x40  zero_init3.o [5]
  .text               ro code  0x08002930    0x38  packbits_init_single.o [5]
  .text               ro code  0x08002968    0x28  data_init.o [5]
  .iar.init_table     const    0x08002990    0x20  - Linker created -
  .rodata             const    0x080029b0    0x1c  led.o [1]
  .rodata             const    0x080029cc    0x1c  led.o [1]
  .text               ro code  0x080029e8    0x1a  cmain.o [5]
  .text               ro code  0x08002a02     0x4  low_level_init.o [3]
  .text               ro code  0x08002a06     0x4  exit.o [3]
  .text               ro code  0x08002a0c     0xa  cexit.o [5]
  .text               ro code  0x08002a18    0x14  exit.o [6]
  .rodata             const    0x08002a2c    0x18  main.o [1]
  .rodata             const    0x08002a44    0x18  main.o [1]
  .rodata             const    0x08002a5c    0x18  main.o [1]
  .rodata             const    0x08002a74    0x18  main.o [1]
  .rodata             const    0x08002a8c    0x18  main.o [1]
  .rodata             const    0x08002aa4    0x18  main.o [1]
  .rodata             const    0x08002abc    0x18  main.o [1]
  .rodata             const    0x08002ad4    0x18  main.o [1]
  .rodata             const    0x08002aec    0x18  main.o [1]
  .rodata             const    0x08002b04    0x18  main.o [1]
  .text               ro code  0x08002b1c    0x16  xprout.o [3]
  .text               ro code  0x08002b34     0xc  putchar.o [3]
  .rodata             const    0x08002b40    0x14  main.o [1]
  .rodata             const    0x08002b54    0x14  main.o [1]
  .rodata             const    0x08002b68    0x14  seven_segment.o [1]
  .rodata             const    0x08002b7c    0x10  main.o [1]
  .rodata             const    0x08002b8c    0x10  main.o [1]
  .rodata             const    0x08002b9c    0x10  main.o [1]
  .rodata             const    0x08002bac    0x10  main.o [1]
  .rodata             const    0x08002bbc     0xc  led.o [1]
  .rodata             const    0x08002bc8     0xc  main.o [1]
  .text               ro code  0x08002bd4     0xc  cstartup_M.o [5]
  .text               ro code  0x08002be0     0x4  startup_stm32f10x_md.o [1]
  .text               ro code  0x08002be4     0x4  startup_stm32f10x_md.o [1]
  .text               ro code  0x08002be8     0x4  startup_stm32f10x_md.o [1]
  .text               ro code  0x08002bec     0x4  startup_stm32f10x_md.o [1]
  .text               ro code  0x08002bf0     0x4  startup_stm32f10x_md.o [1]
  .text               ro code  0x08002bf4     0x4  startup_stm32f10x_md.o [1]
  .text               ro code  0x08002bf8     0x4  startup_stm32f10x_md.o [1]
  .text               ro code  0x08002bfc     0x4  startup_stm32f10x_md.o [1]
  .text               ro code  0x08002c00     0x4  startup_stm32f10x_md.o [1]
  .text               ro code  0x08002c04     0x4  startup_stm32f10x_md.o [1]
  .text               ro code  0x08002c08     0x4  startup_stm32f10x_md.o [1]
  .text               ro code  0x08002c0c     0x4  startup_stm32f10x_md.o [1]
  .text               ro code  0x08002c10     0x4  startup_stm32f10x_md.o [1]
  .text               ro code  0x08002c14     0x4  startup_stm32f10x_md.o [1]
  .text               ro code  0x08002c18     0x4  startup_stm32f10x_md.o [1]
  .text               ro code  0x08002c1c     0x4  startup_stm32f10x_md.o [1]
  .text               ro code  0x08002c20     0x4  startup_stm32f10x_md.o [1]
  .text               ro code  0x08002c24     0x4  startup_stm32f10x_md.o [1]
  .text               ro code  0x08002c28     0x4  startup_stm32f10x_md.o [1]
  .text               ro code  0x08002c2c     0x4  startup_stm32f10x_md.o [1]
  .text               ro code  0x08002c30     0x4  startup_stm32f10x_md.o [1]
  .text               ro code  0x08002c34     0x4  startup_stm32f10x_md.o [1]
  .text               ro code  0x08002c38     0x4  startup_stm32f10x_md.o [1]
  .text               ro code  0x08002c3c     0x4  startup_stm32f10x_md.o [1]
  .text               ro code  0x08002c40     0x4  startup_stm32f10x_md.o [1]
  .text               ro code  0x08002c44     0x4  startup_stm32f10x_md.o [1]
  .text               ro code  0x08002c48     0x4  startup_stm32f10x_md.o [1]
  .text               ro code  0x08002c4c     0x4  startup_stm32f10x_md.o [1]
  .text               ro code  0x08002c50     0x4  startup_stm32f10x_md.o [1]
  .text               ro code  0x08002c54     0x4  startup_stm32f10x_md.o [1]
  .text               ro code  0x08002c58     0x4  startup_stm32f10x_md.o [1]
  .text               ro code  0x08002c5c     0x4  startup_stm32f10x_md.o [1]
  .text               ro code  0x08002c60     0x4  startup_stm32f10x_md.o [1]
  .text               ro code  0x08002c64     0x4  startup_stm32f10x_md.o [1]
  .text               ro code  0x08002c68     0x4  startup_stm32f10x_md.o [1]
  .text               ro code  0x08002c6c     0x4  startup_stm32f10x_md.o [1]
  .text               ro code  0x08002c70     0x4  startup_stm32f10x_md.o [1]
  .text               ro code  0x08002c74     0x4  startup_stm32f10x_md.o [1]
  .text               ro code  0x08002c78     0x4  startup_stm32f10x_md.o [1]
  .text               ro code  0x08002c7c     0x4  startup_stm32f10x_md.o [1]
  .text               ro code  0x08002c80     0x4  startup_stm32f10x_md.o [1]
  .text               ro code  0x08002c84     0x4  startup_stm32f10x_md.o [1]
  .text               ro code  0x08002c88     0x4  startup_stm32f10x_md.o [1]
  .text               ro code  0x08002c8c     0x4  startup_stm32f10x_md.o [1]
  .text               ro code  0x08002c90     0x4  startup_stm32f10x_md.o [1]
  .text               ro code  0x08002c94     0x4  startup_stm32f10x_md.o [1]
  .text               ro code  0x08002c98     0x4  startup_stm32f10x_md.o [1]
  .text               ro code  0x08002c9c     0x4  startup_stm32f10x_md.o [1]
  .text               ro code  0x08002ca0     0x4  startup_stm32f10x_md.o [1]
  .text               ro code  0x08002ca4     0x4  startup_stm32f10x_md.o [1]
  .text               ro code  0x08002ca8     0x4  startup_stm32f10x_md.o [1]
  .text               ro code  0x08002cac     0x4  startup_stm32f10x_md.o [1]
  .rodata             const    0x08002cb0     0x0  zero_init3.o [5]
  .rodata             const    0x08002cb0     0x0  packbits_init_single.o [5]
  Initializer bytes   const    0x08002cb0    0x3f  <for P2-1>
                             - 0x08002cef  0x2c03

"P2", part 1 of 3:                          0x150
  P2-1                         0x20000000   0x150  <Init block>
    .data             inited   0x20000000    0x10  stm.o [1]
    .data             inited   0x20000010     0x4  stm.o [1]
    .data             inited   0x20000014    0x40  xfiles.o [3]
    __DLIB_PERTHREAD  inited   0x20000054    0x88  localeconv.o [3]
    __DLIB_PERTHREAD  inited   0x200000dc    0x74  setlocale.o [3]
                             - 0x20000150   0x150

"P2", part 2 of 3:                         0x1000
  CSTACK                       0x20000150   0x800  <Block>
    CSTACK            uninit   0x20000150   0x800  <Block tail>
  HEAP                         0x20000950   0x800  <Block>
    HEAP              uninit   0x20000950   0x800  <Block tail>
                             - 0x20001150  0x1000

"P2", part 3 of 3:                           0x78
  .bss                zero     0x20001150    0x50  xfiles.o [3]
  .bss                zero     0x200011a0    0x14  main.o [1]
  .bss                zero     0x200011b4     0x8  xxmemxmalloc.o [3]
  .bss                zero     0x200011bc     0x4  hw_config.o [1]
  .bss                zero     0x200011c0     0x4  hw_config.o [1]
  .bss                zero     0x200011c4     0x4  xgetmemchunk.o [3]
                             - 0x200011c8    0x78


*******************************************************************************
*** INIT TABLE
***

          Address     Size
          -------     ----
Zero (__iar_zero_init3)
    1 destination range, total size 0x78:
          0x20001150   0x78

Copy/packbits (__iar_packbits_init_single3)
    1 source range, total size 0x3f (18% of destination):
          0x08002cb0   0x3f
    1 destination range, total size 0x150:
          0x20000000  0x150



*******************************************************************************
*** MODULE SUMMARY
***

    Module                  ro code  ro data  rw data
    ------                  -------  -------  -------
D:\Projects\ARM\STM32F_Test\Normal_program\project\Debug\Obj: [1]
    hw_config.o                 604                 8
    key.o                        80
    led.o                       246       68
    main.o                      396      356       20
    seven_segment.o             360       20
    startup_stm32f10x_md.o      444
    stm.o                       688        3       20
    -------------------------------------------------
    Total:                    2 818      447       48

command line: [2]
    -------------------------------------------------
    Total:

dl7M_tlf.a: [3]
    div.o                        14
    exit.o                        4
    localeconv.o                108       26      136
    low_level_init.o              4
    printf.o                     36
    putchar.o                    12
    setlocale.o                  20       22      116
    xencoding_sb.o               96
    xfiles.o                              12      144
    xgetmemchunk.o               44                 4
    xmbcurmax.o                  10
    xmbtowc.o                    32
    xprintffull.o             4 454
    xprout.o                     22
    xtls.o                        2
    xwctomb.o                    26
    xxmemxfree.o                128
    xxmemxmalloc.o              176                 8
    -------------------------------------------------
    Total:                    5 188       60      408

m7M_tl.a: [4]
    DblAdd.o                    212
    DblCmpGe.o                   46
    DblCmpLe.o                   46
    DblDiv.o                    598
    DblMul.o                    418
    DblSub.o                    384
    DblToI32.o                   88
    I32ToDbl.o                   48
    xdnorm.o                     66
    xdscale.o                   268
    -------------------------------------------------
    Total:                    2 174

rt7M_tl.a: [5]
    ABImemcpy_unaligned.o       118
    I64DivMod.o                 238
    I64DivZer.o                   2
    cexit.o                      10
    cmain.o                      26
    cstartup_M.o                 12
    data_init.o                  40
    memchr.o                     88
    packbits_init_single.o       56
    strchr.o                     22
    strlen.o                     54
    zero_init3.o                 64
    -------------------------------------------------
    Total:                      730

shb_l.a: [6]
    exit.o                       20
    -------------------------------------------------
    Total:                       20

    Gaps                         34
    Linker created                        32    4 096
-----------------------------------------------------
    Grand Total:             10 964      539    4 552


*******************************************************************************
*** ENTRY LIST
***

Entry                      Address   Size  Type      Object
-----                      -------   ----  ----      ------
.iar.init_table$$Base   0x08002990          --   Gb  - Linker created -
.iar.init_table$$Limit  0x080029b0          --   Gb  - Linker created -
?main                   0x080029e9         Code  Gb  cmain.o [5]
ADCPrescTable           0x20000010    0x4  Data  Lc  stm.o [1]
APBAHBPrescTable        0x20000000   0x10  Data  Lc  stm.o [1]
CSTACK$$Base            0x20000150          --   Gb  - Linker created -
CSTACK$$Limit           0x20000950          --   Gb  - Linker created -
DELAY_Test              0x080024d1   0x18  Code  Gb  main.o [1]
Delay                   0x080023b9   0x14  Code  Gb  hw_config.o [1]
GPIO_Configuration      0x0800233f   0x7a  Code  Gb  hw_config.o [1]
GPIO_Init               0x080020e7   0xc0  Code  Gb  stm.o [1]
GPIO_ReadInputDataBit   0x08001f85   0x16  Code  Gb  stm.o [1]
HEAP$$Base              0x20000950          --   Gb  - Linker created -
HEAP$$Limit             0x20001150          --   Gb  - Linker created -
KEY_Test                0x08002739   0x50  Code  Gb  key.o [1]
LED_Off_All             0x080026a5   0x10  Code  Gb  led.o [1]
LED_Off_Blue            0x08002687    0xe  Code  Gb  led.o [1]
LED_Off_Red             0x0800264f    0xe  Code  Gb  led.o [1]
LED_Off_Yellow          0x0800266b    0xe  Code  Gb  led.o [1]
LED_OnOffAll_Mult       0x080026b5   0x52  Code  Gb  led.o [1]
LED_On_All              0x08002695   0x10  Code  Gb  led.o [1]
LED_On_Blue             0x08002679    0xe  Code  Gb  led.o [1]
LED_On_Red              0x08002641    0xe  Code  Gb  led.o [1]
LED_On_Yellow           0x0800265d    0xe  Code  Gb  led.o [1]
LED_Test                0x0800271d   0x1a  Code  Gb  led.o [1]
LoadInt                 0x0800073b   0x6e  Code  Lc  xprintffull.o [3]
NVIC_Configuration      0x08002331    0xe  Code  Gb  hw_config.o [1]
NVIC_SetPriority        0x080021a7   0x22  Code  Gb  stm.o [1]
NVIC_SetVectorTable     0x08002325    0xc  Code  Gb  hw_config.o [1]
Off_7_SEG_AllPin        0x080027b3    0xa  Code  Gb  seven_segment.o [1]
Off_7_SEG_OnePin        0x080027a5    0xe  Code  Gb  seven_segment.o [1]
On_7_SEG_OnePin         0x08002797    0xe  Code  Gb  seven_segment.o [1]
OutPut_7_SEG_Number     0x080027bd   0x7a  Code  Gb  seven_segment.o [1]
PowerOn_7_SEG           0x08002789    0xe  Code  Gb  seven_segment.o [1]
RCC_Configuration       0x0800228b   0x9a  Code  Gb  hw_config.o [1]
RCC_GetClocksFreq       0x08001fbf   0xba  Code  Gb  stm.o [1]
Region$$Table$$Base     0x08002990          --   Gb  - Linker created -
Region$$Table$$Limit    0x080029b0          --   Gb  - Linker created -
Seven_Segment_Test      0x08002837   0xa4  Code  Gb  seven_segment.o [1]
StartUpCounter          0x200011c0    0x4  Data  Gb  hw_config.o [1]
SysTick_Config          0x080021c9   0x30  Code  Gb  stm.o [1]
SysTick_Handler         0x0800222d    0x8  Code  Gb  stm.o [1]
System_Information      0x08002491   0x40  Code  Gb  main.o [1]
TimingDelay             0x200011bc    0x4  Data  Lc  hw_config.o [1]
TimingDelay_Decrement   0x080023cd   0x14  Code  Gb  hw_config.o [1]
USART1_Init             0x0800224b   0x40  Code  Gb  hw_config.o [1]
USART_GetCharacter      0x08002451   0x40  Code  Gb  hw_config.o [1]
USART_GetFlagStatus     0x08001fab   0x14  Code  Gb  stm.o [1]
USART_Init              0x08002079   0x6e  Code  Gb  stm.o [1]
USART_ReceiveData       0x08001fa3    0x8  Code  Gb  stm.o [1]
USART_SendData          0x08001f9b    0x8  Code  Gb  stm.o [1]
_EncodingSb_Mbtowc      0x08001e37   0x30  Code  Gb  xencoding_sb.o [3]
_EncodingSb_Wctomb      0x08001e1d   0x1a  Code  Gb  xencoding_sb.o [3]
_GenldFull              0x08000fbf  0x24c  Code  Lc  xprintffull.o [3]
_IsdstStr               0x200000e0    0x4  Data  Gb  setlocale.o [3]
_LdtobFull              0x08000bbd  0x3fc  Code  Lc  xprintffull.o [3]
_LitobFull              0x08000ab5  0x106  Code  Lc  xprintffull.o [3]
_LocaleEncoding         0x08001e09    0xe  Code  Gb  setlocale.o [3]
_LocaleReturnString     0x20000100   0x50  Data  Lc  setlocale.o [3]
_Locale_Profile         0x200000e4   0x1c  Data  Gb  setlocale.o [3]
_Locale_aeabi_lconv     0x200000a4   0x38  Data  Gb  localeconv.o [3]
_Locale_lconv           0x20000054   0x50  Data  Gb  localeconv.o [3]
_Mbtowc                 0x08001253   0x20  Code  Gb  xmbtowc.o [3]
_PrintfFull             0x080000ed  0x638  Code  Gb  xprintffull.o [3]
_Prout                  0x08002b1d   0x16  Code  Gb  xprout.o [3]
_PutcharsFull           0x0800120b   0x2e  Code  Lc  xprintffull.o [3]
_PutstrFull             0x080007a9  0x306  Code  Lc  xprintffull.o [3]
_TzoneStr               0x200000dc    0x4  Data  Gb  setlocale.o [3]
_Wctomb                 0x080013d9   0x1a  Code  Gb  xwctomb.o [3]
__aeabi_cdcmple         0x0800161d         Code  Gb  DblCmpLe.o [4]
__aeabi_cdrcmple        0x0800164d         Code  Gb  DblCmpGe.o [4]
__aeabi_d2iz            0x08001789         Code  Gb  DblToI32.o [4]
__aeabi_d2uiz           0x080017b5         Code  Gb  DblToI32.o [4]
__aeabi_ddiv            0x08001b35         Code  Gb  DblDiv.o [4]
__aeabi_dmul            0x08001991         Code  Gb  DblMul.o [4]
__aeabi_dsub            0x08001811         Code  Gb  DblSub.o [4]
__aeabi_i2d             0x080017e1         Code  Gb  I32ToDbl.o [4]
__aeabi_ldiv0           0x08001ea9         Code  Gb  I64DivZer.o [5]
__aeabi_ui2d            0x080017f5         Code  Gb  I32ToDbl.o [4]
__aeabi_uldivmod        0x080014ed         Code  Gb  I64DivMod.o [5]
__cmain                 0x080029e9         Code  Gb  cmain.o [5]
__data_Aldata           0x200011b4    0x8  Data  Gb  xxmemxmalloc.o [3]
__data_GetMemChunk      0x08001e7d   0x2c  Code  Gb  xgetmemchunk.o [3]
__exit                  0x08002a19   0x14  Code  Gb  exit.o [6]
__iar_Dnorm             0x080015db   0x42  Code  Gb  xdnorm.o [4]
__iar_Dscale            0x0800167d  0x10c  Code  Gb  xdscale.o [4]
__iar_Locale_lconv_init
                        0x08001d8d   0x3a  Code  Gb  localeconv.o [3]
__iar_Mbcurmax          0x0800131d    0xa  Code  Gb  xmbcurmax.o [3]
__iar_Memchr            0x080012c5         Code  Gb  memchr.o [5]
__iar_Stdout            0x20000014   0x40  Data  Gb  xfiles.o [3]
__iar_Strchr            0x08001275         Code  Gb  strchr.o [5]
__iar_d2uiz             0x080017c1         Code  Gb  DblToI32.o [4]
__iar_dadd              0x08001ead         Code  Gb  DblAdd.o [4]
__iar_data_init3        0x08002969   0x28  Code  Gb  data_init.o [5]
__iar_dlib_perthread_access
                        0x08001f81    0x2  Code  Gb  xtls.o [3]
__iar_dsub              0x08001825         Code  Gb  DblSub.o [4]
__iar_dsubStart         0x08001837         Code  Gb  DblSub.o [4]
__iar_packbits_init_single3
                        0x08002931   0x38  Code  Gb  packbits_init_single.o [5]
__iar_program_start     0x08002bd5         Code  Gb  cstartup_M.o [5]
__iar_ui2d              0x080017f9         Code  Gb  I32ToDbl.o [4]
__iar_unaligned___aeabi_memcpy
                        0x080013f5         Code  Gb  ABImemcpy_unaligned.o [5]
__iar_unaligned___aeabi_memcpy4
                        0x08001415         Code  Gb  ABImemcpy_unaligned.o [5]
__iar_unaligned___aeabi_memcpy8
                        0x08001415         Code  Gb  ABImemcpy_unaligned.o [5]
__iar_zero_init3        0x080028f1   0x40  Code  Gb  zero_init3.o [5]
__low_level_init        0x08002a03    0x4  Code  Gb  low_level_init.o [3]
__vector_table          0x08000000         Data  Gb  startup_stm32f10x_md.o [1]
_call_main              0x080029f5         Code  Gb  cmain.o [5]
_exit                   0x08002a0d         Code  Gb  cexit.o [5]
_main                   0x080029ff         Code  Gb  cmain.o [5]
delay_100_milli_second  0x08002241    0xa  Code  Gb  hw_config.o [1]
delay_1_second          0x08002235    0xc  Code  Gb  hw_config.o [1]
div                     0x08001df9    0xe  Code  Gb  div.o [3]
exit                    0x08002a07    0x4  Code  Gb  exit.o [3]
fputc                   0x080023e1   0x42  Code  Gb  hw_config.o [1]
free                    0x0800146d   0x7a  Code  Gb  xxmemxfree.o [3]
localeconv              0x08001dc7   0x16  Code  Gb  localeconv.o [3]
main                    0x080024e9   0xde  Code  Gb  main.o [1]
malloc                  0x08001329   0xac  Code  Gb  xxmemxmalloc.o [3]
memchr                  0x080012c5         Code  Gb  memchr.o [5]
obuf                    0x20001150   0x50  Data  Lc  xfiles.o [3]
printf                  0x0800261d   0x24  Code  Gb  printf.o [3]
putchar                 0x08002b35    0xc  Code  Gb  putchar.o [3]
rcc_clocks              0x200011a0   0x14  Data  Gb  main.o [1]
strchr                  0x08001275         Code  Gb  strchr.o [5]
strlen                  0x0800128d         Code  Gb  strlen.o [5]


[1] = D:\Projects\ARM\STM32F_Test\Normal_program\project\Debug\Obj
[2] = command line
[3] = dl7M_tlf.a
[4] = m7M_tl.a
[5] = rt7M_tl.a
[6] = shb_l.a

  10 964 bytes of readonly  code memory
     539 bytes of readonly  data memory
   4 552 bytes of readwrite data memory

Errors: none
Warnings: none
